
Removing .Rproj.user/8203DED3/
]0;~/Desktop/A3SR/APSTA-2013/missing_data_finalVergara-Spagnolas-MacBook-Pro:missing_data_final vergara-spagnola$ git status
On branch master
Your branch is up to date with 'origin/master'.

Changes not staged for commit:
  (use "git add <file>..." to update what will be committed)
  (use "git checkout -- <file>..." to discard changes in working directory)

	[31mmodified:   .gitignore/.gitignore[m

Untracked files:
  (use "git add <file>..." to include in what will be committed)

	[31m.Rproj.user/[m

no changes added to commit (use "git add" and/or "git commit -a")
]0;~/Desktop/A3SR/APSTA-2013/missing_data_finalVergara-Spagnolas-MacBook-Pro:missing_data_final vergara-spagnola$ git pus[K[K[Kadd .
]0;~/Desktop/A3SR/APSTA-2013/missing_data_finalVergara-Spagnolas-MacBook-Pro:missing_data_final vergara-spagnola$ git commit  -m 'asdf'[Ksadf'
[master 8a26f84] asdfsadf
 Committer: Vergara-Spagnola <vergara-spagnola@Vergara-Spagnolas-MacBook-Pro.local>
Your name and email address were configured automatically based
on your username and hostname. Please check that they are accurate.
You can suppress this message by setting them explicitly:

    git config --global user.name "Your Name"
    git config --global user.email you@example.com

After doing this, you may fix the identity used for this commit with:

    git commit --amend --reset-author

 3 files changed, 83 insertions(+), 3 deletions(-)
 create mode 100644 .Rproj.user/8203DED3/console06/2AF40187
 create mode 100644 .Rproj.user/8203DED3/console06/2AF40187.env
]0;~/Desktop/A3SR/APSTA-2013/missing_data_finalVergara-Spagnolas-MacBook-Pro:missing_data_final vergara-spagnola$ git push
Counting objects: 9, done.
Delta compression using up to 4 threads.
Compressing objects:  20% (1/5)   Compressing objects:  40% (2/5)   Compressing objects:  60% (3/5)   Compressing objects:  80% (4/5)   Compressing objects: 100% (5/5)   Compressing objects: 100% (5/5), done.
Writing objects:  11% (1/9)   Writing objects:  22% (2/9)   Writing objects:  33% (3/9)   Writing objects:  44% (4/9)   Writing objects:  55% (5/9)   Writing objects:  66% (6/9)   Writing objects:  77% (7/9)   Writing objects:  88% (8/9)   Writing objects: 100% (9/9)   Writing objects: 100% (9/9), 2.10 KiB | 2.10 MiB/s, done.
Total 9 (delta 1), reused 0 (delta 0)
remote: Resolving deltas:   0% (0/1)   [Kremote: Resolving deltas: 100% (1/1)   [Kremote: Resolving deltas: 100% (1/1), completed with 1 local object.[K
To https://github.com/wspagnola/missing_data_final.git
   cea458d..8a26f84  master -> master
]0;~/Desktop/A3SR/APSTA-2013/missing_data_finalVergara-Spagnolas-MacBook-Pro:missing_data_final vergara-spagnola$ git t[Kstatus
On branch master
Your branch is up to date with 'origin/master'.

Changes not staged for commit:
  (use "git add <file>..." to update what will be committed)
  (use "git checkout -- <file>..." to discard changes in working directory)

	[31mmodified:   .Rproj.user/8203DED3/console06/2AF40187[m

no changes added to commit (use "git add" and/or "git commit -a")
]0;~/Desktop/A3SR/APSTA-2013/missing_data_finalVergara-Spagnolas-MacBook-Pro:missing_data_final vergara-spagnola$ git push[K[K[K[Kadd .
HEAD is now at b5c148a adsfdaf
]0;~/Desktop/A3SR/APSTA-2013/missing_data_finalVergara-Spagnolas-MacBook-Pro:missing_data_final vergara-spagnola$ git pull ma ster or[K[K[K[K[K[K[K[A[C[C[C[C[C[C[C[C[C[C[C[C[C[C[C[C[C[C[C[C[C[C[C[C[C[C[C[C[C[C[C[C[C[C[C[C[C[C[C[C[C[C[C[C[C[C[C[C[C[C[C[C[C[C[C[C[C[C[C[C[C[C[C[C[C[C[C[C[C[C[C[C[C[C[C[C[C[K
[K[A[C[C[C[C[C[C[C[C[C[C[C[C[C[C[C[C[C[C[C[C[C[C[C[C[C[C[C[C[C[C[C[C[C[C[C[C[C[C[C[C[C[C[C[C[C[C[C[C[C[C[C[C[C[C[C[C[C[C[C[C[C[C[C[C[C[C[C[C[C[C[C[C[C[C[C[C[C[Kor igin master
From https://github.com/wspagnola/missing_data_final
 * branch            master     -> FETCH_HEAD
Already up to date.
]0;~/Desktop/A3SR/APSTA-2013/missing_data_finalVergara-Spagnolas-MacBook-Pro:missing_data_final vergara-spagnola$ git status
On branch master
Your branch is up to date with 'origin/master'.

Changes not staged for commit:
  (use "git add <file>..." to update what will be committed)
  (use "git checkout -- <file>..." to discard changes in working directory)

	[31mmodified:   .Rproj.user/8203DED3/console06/2AF40187[m

no changes added to commit (use "git add" and/or "git commit -a")
]0;~/Desktop/A3SR/APSTA-2013/missing_data_finalVergara-Spagnolas-MacBook-Pro:missing_data_final vergara-spagnola$ git checkou t .Rproj.[K[K[K[K[K[K[K[K[K[A[C[C[C[C[C[C[C[C[C[C[C[C[C[C[C[C[C[C[C[C[C[C[C[C[C[C[C[C[C[C[C[C[C[C[C[C[C[C[C[C[C[C[C[C[C[C[C[C[C[C[C[C[C[C[C[C[C[C[C[C[C[C[C[C[C[C[C[C[C[C[C[C[C[C[C[C[C[K
[K[A[C[C[C[C[C[C[C[C[C[C[C[C[C[C[C[C[C[C[C[C[C[C[C[C[C[C[C[C[C[C[C[C[C[C[C[C[C[C[C[C[C[C[C[C[C[C[C[C[C[C[C[C[C[C[C[C[C[C[C[C[C[C[C[C[C[C[C[C[C[C[C[C[C[C[C[C[C[K[K[K[K[K[Krm -r . Rpojr[K[K[K[K[K[A[C[C[C[C[C[C[C[C[C[C[C[C[C[C[C[C[C[C[C[C[C[C[C[C[C[C[C[C[C[C[C[C[C[C[C[C[C[C[C[C[C[C[C[C[C[C[C[C[C[C[C[C[C[C[C[C[C[C[C[C[C[C[C[C[C[C[C[C[C[C[C[C[C[C[C[C[C[K
[K[A[C[C[C[C[C[C[C[C[C[C[C[C[C[C[C[C[C[C[C[C[C[C[C[C[C[C[C[C[C[C[C[C[C[C[C[C[C[C[C[C[C[C[C[C[C[C[C[C[C[C[C[C[C[C[C[C[C[C[C[C[C[C[C[C[C[C[C[C[C[C[C[C[C[C[C[C[C[K . Rpor[K[Kroj.user
error: the following file has local modifications:
    .Rproj.user/8203DED3/console06/2AF40187
(use --cached to keep the file, or -f to force removal)
]0;~/Desktop/A3SR/APSTA-2013/missing_data_finalVergara-Spagnolas-MacBook-Pro:missing_data_final vergara-spagnola$ git rm -r - f [K[K[A[C[C[C[C[C[C[C[C[C[C[C[C[C[C[C[C[C[C[C[C[C[C[C[C[C[C[C[C[C[C[C[C[C[C[C[C[C[C[C[C[C[C[C[C[C[C[C[C[C[C[C[C[C[C[C[C[C[C[C[C[C[C[C[C[C[C[C[C[C[C[C[C[C[C[C[C[C[K
[K[A[C[C[C[C[C[C[C[C[C[C[C[C[C[C[C[C[C[C[C[C[C[C[C[C[C[C[C[C[C[C[C[C[C[C[C[C[C[C[C[C[C[C[C[C[C[C[C[C[C[C[C[C[C[C[C[C[C[C[C[C[C[C[C[C[C[C[C[C[C[C[C[C[C[C[C[C[C- -cache [Kd .Rporj[K[K[Kroj.user
rm '.Rproj.user/8203DED3/console06/2AF40187'
rm '.Rproj.user/8203DED3/console06/2AF40187.env'
]0;~/Desktop/A3SR/APSTA-2013/missing_data_finalVergara-Spagnolas-MacBook-Pro:missing_data_final vergara-spagnola$ git status
On branch master
Your branch is up to date with 'origin/master'.

Changes to be committed:
  (use "git reset HEAD <file>..." to unstage)

	[32mdeleted:    .Rproj.user/8203DED3/console06/2AF40187[m
	[32mdeleted:    .Rproj.user/8203DED3/console06/2AF40187.env[m

Untracked files:
  (use "git add <file>..." to include in what will be committed)

	[31m.Rproj.user/[m

]0;~/Desktop/A3SR/APSTA-2013/missing_data_finalVergara-Spagnolas-MacBook-Pro:missing_data_final vergara-spagnola$ git push[K[K[K[Kcommit  -m 'Now'
[master 2c46f6d] Now
 Committer: Vergara-Spagnola <vergara-spagnola@Vergara-Spagnolas-MacBook-Pro.local>
Your name and email address were configured automatically based
on your username and hostname. Please check that they are accurate.
You can suppress this message by setting them explicitly:

    git config --global user.name "Your Name"
    git config --global user.email you@example.com

After doing this, you may fix the identity used for this commit with:

    git commit --amend --reset-author

 2 files changed, 121 deletions(-)
 delete mode 100644 .Rproj.user/8203DED3/console06/2AF40187
 delete mode 100644 .Rproj.user/8203DED3/console06/2AF40187.env
]0;~/Desktop/A3SR/APSTA-2013/missing_data_finalVergara-Spagnolas-MacBook-Pro:missing_data_final vergara-spagnola$ i[Kgit push

Counting objects: 2, done.
Delta compression using up to 4 threads.
Compressing objects:  50% (1/2)   Compressing objects: 100% (2/2)   Compressing objects: 100% (2/2), done.
Writing objects:  50% (1/2)   Writing objects: 100% (2/2)   Writing objects: 100% (2/2), 238 bytes | 238.00 KiB/s, done.
Total 2 (delta 1), reused 0 (delta 0)
remote: Resolving deltas:   0% (0/1)   [Kremote: Resolving deltas: 100% (1/1)   [Kremote: Resolving deltas: 100% (1/1), completed with 1 local object.[K
To https://github.com/wspagnola/missing_data_final.git
   b5c148a..2c46f6d  master -> master
]0;~/Desktop/A3SR/APSTA-2013/missing_data_finalVergara-Spagnolas-MacBook-Pro:missing_data_final vergara-spagnola$ 
]0;~/Desktop/A3SR/APSTA-2013/missing_data_finalVergara-Spagnolas-MacBook-Pro:missing_data_final vergara-spagnola$ git status
On branch master
Your branch is up to date with 'origin/master'.

Untracked files:
  (use "git add <file>..." to include in what will be committed)

	[31m.Rproj.user/[m

nothing added to commit but untracked files present (use "git add" to track)
]0;~/Desktop/A3SR/APSTA-2013/missing_data_finalVergara-Spagnolas-MacBook-Pro:missing_data_final vergara-spagnola$ cd .gitigno re
]0;~/Desktop/A3SR/APSTA-2013/missing_data_final/.gitignoreVergara-Spagnolas-MacBook-Pro:.gitignore vergara-spagnola$ c[Kvim gi[K[K.gitignore
[?2004h]0;~/Desktop/A3SR/APSTA-2013/missing_data_final/.gitignoreVergara-Spagnolas-MacBook-Pro:.gitignore vergara-spagnola$ 
]0;~/Desktop/A3SR/APSTA-2013/missing_data_final/.gitignoreVergara-Spagnolas-MacBook-Pro:.gitignore vergara-spagnola$ git stat[K[K[K[K[K[K[K[Kcdd .[K[K[K ..[K[K[K[K[Kgit status
On branch master
Your branch is up to date with 'origin/master'.

Changes not staged for commit:
  (use "git add <file>..." to update what will be committed)
  (use "git checkout -- <file>..." to discard changes in working directory)

	[31mmodified:   .gitignore[m

Untracked files:
  (use "git add <file>..." to include in what will be committed)

	[31m../.Rproj.user/[m

no changes added to commit (use "git add" and/or "git commit -a")
]0;~/Desktop/A3SR/APSTA-2013/missing_data_final/.gitignoreVergara-Spagnolas-MacBook-Pro:.gitignore vergara-spagnola$ git add .gitignore
]0;~/Desktop/A3SR/APSTA-2013/missing_data_final/.gitignoreVergara-Spagnolas-MacBook-Pro:.gitignore vergara-spagnola$ git commi-m [K[K[Kt -m 'asdf fdfdfdf'
[master 873029b] asdffdfdfdf
 Committer: Vergara-Spagnola <vergara-spagnola@Vergara-Spagnolas-MacBook-Pro.local>
Your name and email address were configured automatically based
on your username and hostname. Please check that they are accurate.
You can suppress this message by setting them explicitly:

    git config --global user.name "Your Name"
    git config --global user.email you@example.com

After doing this, you may fix the identity used for this commit with:

    git commit --amend --reset-author

 1 file changed, 2 insertions(+)
]0;~/Desktop/A3SR/APSTA-2013/missing_data_final/.gitignoreVergara-Spagnolas-MacBook-Pro:.gitignore vergara-spagnola$ git push
Counting objects: 4, done.
Delta compression using up to 4 threads.
Compressing objects:  33% (1/3)   Compressing objects:  66% (2/3)   Compressing objects: 100% (3/3)   Compressing objects: 100% (3/3), done.
Writing objects:  25% (1/4)   Writing objects:  50% (2/4)   Writing objects:  75% (3/4)   Writing objects: 100% (4/4)   Writing objects: 100% (4/4), 358 bytes | 358.00 KiB/s, done.
Total 4 (delta 1), reused 0 (delta 0)
remote: Resolving deltas:   0% (0/1)   [Kremote: Resolving deltas: 100% (1/1)   [Kremote: Resolving deltas: 100% (1/1), completed with 1 local object.[K
To https://github.com/wspagnola/missing_data_final.git
   2c46f6d..873029b  master -> master
]0;~/Desktop/A3SR/APSTA-2013/missing_data_final/.gitignoreVergara-Spagnolas-MacBook-Pro:.gitignore vergara-spagnola$ git status
On branch master
Your branch is up to date with 'origin/master'.

Untracked files:
  (use "git add <file>..." to include in what will be committed)

	[31m../.Rproj.user/[m

nothing added to commit but untracked files present (use "git add" to track)
]0;~/Desktop/A3SR/APSTA-2013/missing_data_final/.gitignoreVergara-Spagnolas-MacBook-Pro:.gitignore vergara-spagnola$ git pu[K[Kadd .
]0;~/Desktop/A3SR/APSTA-2013/missing_data_final/.gitignoreVergara-Spagnolas-MacBook-Pro:.gitignore vergara-spagnola$ git commi-[Kt -m 'wft' [A[C[C[C[C[C[C[C[C[C[C[C[C[C[C[C[C[C[C[C[C[C[C[C[C[C[C[C[C[C[C[C[C[C[C[C[C[C[C[C[C[C[C[C[C[C[C[C[C[C[C[C[C[C[C[C[C[C[C[C[C[C[C[C[C[C[C[C[C[C[C[C[C[C[C[C[C[C[K'
On branch master
Your branch is up to date with 'origin/master'.

Untracked files:
	[31m../.Rproj.user/[m

nothing added to commit but untracked files present
]0;~/Desktop/A3SR/APSTA-2013/missing_data_final/.gitignoreVergara-Spagnolas-MacBook-Pro:.gitignore vergara-spagnola$ git push
Everything up-to-date
]0;~/Desktop/A3SR/APSTA-2013/missing_data_final/.gitignoreVergara-Spagnolas-MacBook-Pro:.gitignore vergara-spagnola$ cd ..
]0;~/Desktop/A3SR/APSTA-2013/missing_data_finalVergara-Spagnolas-MacBook-Pro:missing_data_final vergara-spagnola$ [KVergara-Spagnolas-MacBook-Pro:missing_data_final vergara-spagnola$ git [K[K[K[Kls 
Spagnola_William_APSTA_2013_Final_Project.Rmd
Spagnola_William_APSTA_2013_Final_Project.pdf
data
img
missing_data_final.Rproj
pattern_matrix_code.R
git status
On branch master
Your branch is up to date with 'origin/master'.

Changes not staged for commit:
  (use "git add <file>..." to update what will be committed)
  (use "git checkout -- <file>..." to discard changes in working directory)

	[31mmodified:   Spagnola_William_APSTA_2013_Final_Project.Rmd[m
	[31mmodified:   Spagnola_William_APSTA_2013_Final_Project.pdf[m

Untracked files:
  (use "git add <file>..." to include in what will be committed)

	[31m.Rproj.user/[m

no changes added to commit (use "git add" and/or "git commit -a")
]0;~/Desktop/A3SR/APSTA-2013/missing_data_finalVergara-Spagnolas-MacBook-Pro:missing_data_final vergara-spagnola$ git add .
]0;~/Desktop/A3SR/APSTA-2013/missing_data_finalVergara-Spagnolas-MacBook-Pro:missing_data_final vergara-spagnola$ git commit- [A[C[C[C[C[C[C[C[C[C[C[C[C[C[C[C[C[C[C[C[C[C[C[C[C[C[C[C[C[C[C[C[C[C[C[C[C[C[C[C[C[C[C[C[C[C[C[C[C[C[C[C[C[C[C[C[C[C[C[C[C[C[C[C[C[C[C[C[C[C[C[C[C[C[C[C[C[C[K
[K[A[C[C[C[C[C[C[C[C[C[C[C[C[C[C[C[C[C[C[C[C[C[C[C[C[C[C[C[C[C[C[C[C[C[C[C[C[C[C[C[C[C[C[C[C[C[C[C[C[C[C[C[C[C[C[C[C[C[C[C[C[C[C[C[C[C[C[C[C[C[C[C[C[C[C[C[C[C  - [Km 'ONEF[K FINAL TEST'
[master ee17b54] ONE FINAL TEST
 Committer: Vergara-Spagnola <vergara-spagnola@Vergara-Spagnolas-MacBook-Pro.local>
Your name and email address were configured automatically based
on your username and hostname. Please check that they are accurate.
You can suppress this message by setting them explicitly:

    git config --global user.name "Your Name"
    git config --global user.email you@example.com

After doing this, you may fix the identity used for this commit with:

    git commit --amend --reset-author

 21 files changed, 1040 insertions(+), 1 deletion(-)
 create mode 100644 .Rproj.user/8203DED3/console06/2AF40187
 create mode 100644 .Rproj.user/8203DED3/console06/2AF40187.env
 create mode 100644 .Rproj.user/8203DED3/console06/INDEX001
 create mode 100644 .Rproj.user/8203DED3/pcs/debug-breakpoints.pper
 create mode 100644 .Rproj.user/8203DED3/pcs/files-pane.pper
 create mode 100644 .Rproj.user/8203DED3/pcs/source-pane.pper
 create mode 100644 .Rproj.user/8203DED3/pcs/windowlayoutstate.pper
 create mode 100644 .Rproj.user/8203DED3/pcs/workbench-pane.pper
 create mode 100644 .Rproj.user/8203DED3/rmd-outputs
 create mode 100644 .Rproj.user/8203DED3/saved_source_markers
 create mode 100644 .Rproj.user/8203DED3/sources/prop/11EA8B84
 create mode 100644 .Rproj.user/8203DED3/sources/prop/INDEX
 create mode 100644 .Rproj.user/8203DED3/sources/s-57F3CD7D/3B09FE3B
 create mode 100644 .Rproj.user/8203DED3/sources/s-57F3CD7D/3B09FE3B-contents
 create mode 100644 .Rproj.user/8203DED3/sources/s-57F3CD7D/lock_file
 create mode 100644 .Rproj.user/shared/notebooks/6109E4A-Spagnola_William_APSTA_2013_Final_Project/1/8203DED357F3CD7D/chunks.json
 create mode 100644 .Rproj.user/shared/notebooks/6109E4A-Spagnola_William_APSTA_2013_Final_Project/1/s/chunks.json
 create mode 100644 .Rproj.user/shared/notebooks/patch-chunk-names
 create mode 100644 .Rproj.user/shared/notebooks/paths
]0;~/Desktop/A3SR/APSTA-2013/missing_data_finalVergara-Spagnolas-MacBook-Pro:missing_data_final vergara-spagnola$ f[Kgit push
Counting objects: 32, done.
Delta compression using up to 4 threads.
Compressing objects:   3% (1/26)   Compressing objects:   7% (2/26)   Compressing objects:  11% (3/26)   Compressing objects:  15% (4/26)   Compressing objects:  19% (5/26)   Compressing objects:  23% (6/26)   Compressing objects:  26% (7/26)   Compressing objects:  30% (8/26)   Compressing objects:  34% (9/26)   Compressing objects:  38% (10/26)   Compressing objects:  42% (11/26)   Compressing objects:  46% (12/26)   Compressing objects:  50% (13/26)   Compressing objects:  53% (14/26)   Compressing objects:  57% (15/26)   Compressing objects:  61% (16/26)   Compressing objects:  65% (17/26)   Compressing objects:  69% (18/26)   Compressing objects:  73% (19/26)   Compressing objects:  76% (20/26)   Compressing objects:  80% (21/26)   Compressing objects:  84% (22/26)   Compressing objects:  88% (23/26)   Compressing objects:  92% (24/26)   Compressing objects:  96% (25/26)   Compressing objects: 100% (26/26)   Compressing objects: 100% (26/26), done.
Writing objects:   3% (1/32)   Writing objects:   6% (2/32)   Writing objects:   9% (3/32)   Writing objects:  12% (4/32)   Writing objects:  15% (5/32)   Writing objects:  18% (6/32)   Writing objects:  21% (7/32)   Writing objects:  25% (8/32)   Writing objects:  28% (9/32)   Writing objects:  31% (10/32)   Writing objects:  34% (11/32)   Writing objects:  37% (12/32)   Writing objects:  40% (13/32)   Writing objects:  43% (14/32)   Writing objects:  46% (15/32)   Writing objects:  50% (16/32)   Writing objects:  53% (17/32)   Writing objects:  56% (18/32)   Writing objects:  59% (19/32)   Writing objects:  62% (20/32)   Writing objects:  65% (21/32)   Writing objects:  68% (22/32)   Writing objects:  71% (23/32)   Writing objects:  75% (24/32)   Writing objects:  78% (25/32)   Writing objects:  81% (26/32)   Writing objects:  84% (27/32)   Writing objects:  87% (28/32)   Writing objects:  90% (29/32)   Writing objects:  93% (30/32)   Writing objects:  96% (31/32)   Writing objects: 100% (32/32)   Writing objects: 100% (32/32), 37.19 KiB | 568.00 KiB/s, done.
Total 32 (delta 2), reused 0 (delta 0)
remote: Resolving deltas:   0% (0/2)   [Kremote: Resolving deltas:  50% (1/2)   [Kremote: Resolving deltas: 100% (2/2)   [Kremote: Resolving deltas: 100% (2/2), completed with 2 local objects.[K
To https://github.com/wspagnola/missing_data_final.git
   873029b..ee17b54  master -> master
[KVergara-Spagnolas-MacBook-Pro:missing_data_final vergara-spagnola$ git status
On branch master
Your branch is up to date with 'origin/master'.

Changes not staged for commit:
  (use "git add/rm <file>..." to update what will be committed)
  (use "git checkout -- <file>..." to discard changes in working directory)

	[31mmodified:   .Rproj.user/8203DED3/console06/2AF40187[m
	[31mmodified:   .Rproj.user/8203DED3/console06/2AF40187.env[m
	[31mmodified:   .Rproj.user/8203DED3/console06/INDEX001[m
	[31mmodified:   .Rproj.user/8203DED3/pcs/windowlayoutstate.pper[m
	[31mmodified:   .Rproj.user/8203DED3/rmd-outputs[m
	[31mmodified:   .Rproj.user/8203DED3/sources/prop/INDEX[m
	[31mdeleted:    .Rproj.user/8203DED3/sources/s-57F3CD7D/3B09FE3B[m
	[31mdeleted:    .Rproj.user/8203DED3/sources/s-57F3CD7D/3B09FE3B-contents[m
	[31mdeleted:    .Rproj.user/8203DED3/sources/s-57F3CD7D/lock_file[m
	[31mdeleted:    .Rproj.user/shared/notebooks/6109E4A-Spagnola_William_APSTA_2013_Final_Project/1/8203DED357F3CD7D/chunks.json[m

Untracked files:
  (use "git add <file>..." to include in what will be committed)

	[31m.Rproj.user/8203DED3/sources/prop/D21F448D[m
	[31m.Rproj.user/8203DED3/sources/s-8C5A0E3/[m

no changes added to commit (use "git add" and/or "git commit -a")
]0;~/Desktop/A3SR/APSTA-2013/missing_data_finalVergara-Spagnolas-MacBook-Pro:missing_data_final vergara-spagnola$ gi [Kt clean - d -f
Removing .Rproj.user/8203DED3/ctx/
Removing .Rproj.user/8203DED3/explorer-cache/
Removing .Rproj.user/8203DED3/presentation/
Removing .Rproj.user/8203DED3/profiles-cache/
Removing .Rproj.user/8203DED3/sources/per/
Removing .Rproj.user/8203DED3/sources/prop/D21F448D
Removing .Rproj.user/8203DED3/sources/s-8C5A0E3/
Removing .Rproj.user/8203DED3/viewer-cache/
]0;~/Desktop/A3SR/APSTA-2013/missing_data_finalVergara-Spagnolas-MacBook-Pro:missing_data_final vergara-spagnola$ gi [Kt status
On branch master
Your branch is up to date with 'origin/master'.

Changes not staged for commit:
  (use "git add/rm <file>..." to update what will be committed)
  (use "git checkout -- <file>..." to discard changes in working directory)

	[31mmodified:   .Rproj.user/8203DED3/console06/2AF40187[m
	[31mmodified:   .Rproj.user/8203DED3/console06/2AF40187.env[m
	[31mmodified:   .Rproj.user/8203DED3/console06/INDEX001[m
	[31mmodified:   .Rproj.user/8203DED3/pcs/windowlayoutstate.pper[m
	[31mmodified:   .Rproj.user/8203DED3/rmd-outputs[m
	[31mmodified:   .Rproj.user/8203DED3/sources/prop/INDEX[m
	[31mdeleted:    .Rproj.user/8203DED3/sources/s-57F3CD7D/3B09FE3B[m
	[31mdeleted:    .Rproj.user/8203DED3/sources/s-57F3CD7D/3B09FE3B-contents[m
	[31mdeleted:    .Rproj.user/8203DED3/sources/s-57F3CD7D/lock_file[m
	[31mdeleted:    .Rproj.user/shared/notebooks/6109E4A-Spagnola_William_APSTA_2013_Final_Project/1/8203DED357F3CD7D/chunks.json[m

no changes added to commit (use "git add" and/or "git commit -a")
]0;~/Desktop/A3SR/APSTA-2013/missing_data_finalVergara-Spagnolas-MacBook-Pro:missing_data_final vergara-spagnola$ git add .