
Removing .Rproj.user/8203DED3/
]0;~/Desktop/A3SR/APSTA-2013/missing_data_finalVergara-Spagnolas-MacBook-Pro:missing_data_final vergara-spagnola$ git status
On branch master
Your branch is up to date with 'origin/master'.

Changes not staged for commit:
  (use "git add <file>..." to update what will be committed)
  (use "git checkout -- <file>..." to discard changes in working directory)

	[31mmodified:   .gitignore/.gitignore[m

Untracked files:
  (use "git add <file>..." to include in what will be committed)

	[31m.Rproj.user/[m

no changes added to commit (use "git add" and/or "git commit -a")
]0;~/Desktop/A3SR/APSTA-2013/missing_data_finalVergara-Spagnolas-MacBook-Pro:missing_data_final vergara-spagnola$ git pus[K[K[Kadd .
]0;~/Desktop/A3SR/APSTA-2013/missing_data_finalVergara-Spagnolas-MacBook-Pro:missing_data_final vergara-spagnola$ git commit  -m 'asdf'[Ksadf'
[master 8a26f84] asdfsadf
 Committer: Vergara-Spagnola <vergara-spagnola@Vergara-Spagnolas-MacBook-Pro.local>
Your name and email address were configured automatically based
on your username and hostname. Please check that they are accurate.
You can suppress this message by setting them explicitly:

    git config --global user.name "Your Name"
    git config --global user.email you@example.com

After doing this, you may fix the identity used for this commit with:

    git commit --amend --reset-author

 3 files changed, 83 insertions(+), 3 deletions(-)
 create mode 100644 .Rproj.user/8203DED3/console06/2AF40187
 create mode 100644 .Rproj.user/8203DED3/console06/2AF40187.env
]0;~/Desktop/A3SR/APSTA-2013/missing_data_finalVergara-Spagnolas-MacBook-Pro:missing_data_final vergara-spagnola$ git push
Counting objects: 9, done.
Delta compression using up to 4 threads.
Compressing objects:  20% (1/5)   Compressing objects:  40% (2/5)   Compressing objects:  60% (3/5)   Compressing objects:  80% (4/5)   Compressing objects: 100% (5/5)   Compressing objects: 100% (5/5), done.
Writing objects:  11% (1/9)   Writing objects:  22% (2/9)   Writing objects:  33% (3/9)   Writing objects:  44% (4/9)   Writing objects:  55% (5/9)   Writing objects:  66% (6/9)   Writing objects:  77% (7/9)   Writing objects:  88% (8/9)   Writing objects: 100% (9/9)   Writing objects: 100% (9/9), 2.10 KiB | 2.10 MiB/s, done.
Total 9 (delta 1), reused 0 (delta 0)
remote: Resolving deltas:   0% (0/1)   [Kremote: Resolving deltas: 100% (1/1)   [Kremote: Resolving deltas: 100% (1/1), completed with 1 local object.[K
To https://github.com/wspagnola/missing_data_final.git
   cea458d..8a26f84  master -> master
]0;~/Desktop/A3SR/APSTA-2013/missing_data_finalVergara-Spagnolas-MacBook-Pro:missing_data_final vergara-spagnola$ git t[Kstatus
On branch master
Your branch is up to date with 'origin/master'.

Changes not staged for commit:
  (use "git add <file>..." to update what will be committed)
  (use "git checkout -- <file>..." to discard changes in working directory)

	[31mmodified:   .Rproj.user/8203DED3/console06/2AF40187[m

no changes added to commit (use "git add" and/or "git commit -a")
]0;~/Desktop/A3SR/APSTA-2013/missing_data_finalVergara-Spagnolas-MacBook-Pro:missing_data_final vergara-spagnola$ git push[K[K[K[Kadd .
HEAD is now at b5c148a adsfdaf
]0;~/Desktop/A3SR/APSTA-2013/missing_data_finalVergara-Spagnolas-MacBook-Pro:missing_data_final vergara-spagnola$ git pull ma ster or[K[K[K[K[K[K[K[A[C[C[C[C[C[C[C[C[C[C[C[C[C[C[C[C[C[C[C[C[C[C[C[C[C[C[C[C[C[C[C[C[C[C[C[C[C[C[C[C[C[C[C[C[C[C[C[C[C[C[C[C[C[C[C[C[C[C[C[C[C[C[C[C[C[C[C[C[C[C[C[C[C[C[C[C[C[K
[K[A[C[C[C[C[C[C[C[C[C[C[C[C[C[C[C[C[C[C[C[C[C[C[C[C[C[C[C[C[C[C[C[C[C[C[C[C[C[C[C[C[C[C[C[C[C[C[C[C[C[C[C[C[C[C[C[C[C[C[C[C[C[C[C[C[C[C[C[C[C[C[C[C[C[C[C[C[C[Kor igin master
From https://github.com/wspagnola/missing_data_final
 * branch            master     -> FETCH_HEAD
Already up to date.
]0;~/Desktop/A3SR/APSTA-2013/missing_data_finalVergara-Spagnolas-MacBook-Pro:missing_data_final vergara-spagnola$ git status
On branch master
Your branch is up to date with 'origin/master'.

Changes not staged for commit:
  (use "git add <file>..." to update what will be committed)
  (use "git checkout -- <file>..." to discard changes in working directory)

	[31mmodified:   .Rproj.user/8203DED3/console06/2AF40187[m

no changes added to commit (use "git add" and/or "git commit -a")
]0;~/Desktop/A3SR/APSTA-2013/missing_data_finalVergara-Spagnolas-MacBook-Pro:missing_data_final vergara-spagnola$ git checkou t .Rproj.[K[K[K[K[K[K[K[K[K[A[C[C[C[C[C[C[C[C[C[C[C[C[C[C[C[C[C[C[C[C[C[C[C[C[C[C[C[C[C[C[C[C[C[C[C[C[C[C[C[C[C[C[C[C[C[C[C[C[C[C[C[C[C[C[C[C[C[C[C[C[C[C[C[C[C[C[C[C[C[C[C[C[C[C[C[C[C[K
[K[A[C[C[C[C[C[C[C[C[C[C[C[C[C[C[C[C[C[C[C[C[C[C[C[C[C[C[C[C[C[C[C[C[C[C[C[C[C[C[C[C[C[C[C[C[C[C[C[C[C[C[C[C[C[C[C[C[C[C[C[C[C[C[C[C[C[C[C[C[C[C[C[C[C[C[C[C[C[K[K[K[K[K[Krm -r . Rpojr[K[K[K[K[K[A[C[C[C[C[C[C[C[C[C[C[C[C[C[C[C[C[C[C[C[C[C[C[C[C[C[C[C[C[C[C[C[C[C[C[C[C[C[C[C[C[C[C[C[C[C[C[C[C[C[C[C[C[C[C[C[C[C[C[C[C[C[C[C[C[C[C[C[C[C[C[C[C[C[C[C[C[C[K
[K[A[C[C[C[C[C[C[C[C[C[C[C[C[C[C[C[C[C[C[C[C[C[C[C[C[C[C[C[C[C[C[C[C[C[C[C[C[C[C[C[C[C[C[C[C[C[C[C[C[C[C[C[C[C[C[C[C[C[C[C[C[C[C[C[C[C[C[C[C[C[C[C[C[C[C[C[C[C[K . Rpor[K[Kroj.user
error: the following file has local modifications:
    .Rproj.user/8203DED3/console06/2AF40187
(use --cached to keep the file, or -f to force removal)
]0;~/Desktop/A3SR/APSTA-2013/missing_data_finalVergara-Spagnolas-MacBook-Pro:missing_data_final vergara-spagnola$ git rm -r - f [K[K[A[C[C[C[C[C[C[C[C[C[C[C[C[C[C[C[C[C[C[C[C[C[C[C[C[C[C[C[C[C[C[C[C[C[C[C[C[C[C[C[C[C[C[C[C[C[C[C[C[C[C[C[C[C[C[C[C[C[C[C[C[C[C[C[C[C[C[C[C[C[C[C[C[C[C[C[C[C[K
[K[A[C[C[C[C[C[C[C[C[C[C[C[C[C[C[C[C[C[C[C[C[C[C[C[C[C[C[C[C[C[C[C[C[C[C[C[C[C[C[C[C[C[C[C[C[C[C[C[C[C[C[C[C[C[C[C[C[C[C[C[C[C[C[C[C[C[C[C[C[C[C[C[C[C[C[C[C[C- -cache [Kd .Rporj[K[K[Kroj.user
rm '.Rproj.user/8203DED3/console06/2AF40187'
rm '.Rproj.user/8203DED3/console06/2AF40187.env'
]0;~/Desktop/A3SR/APSTA-2013/missing_data_finalVergara-Spagnolas-MacBook-Pro:missing_data_final vergara-spagnola$ git status
On branch master
Your branch is up to date with 'origin/master'.

Changes to be committed:
  (use "git reset HEAD <file>..." to unstage)

	[32mdeleted:    .Rproj.user/8203DED3/console06/2AF40187[m
	[32mdeleted:    .Rproj.user/8203DED3/console06/2AF40187.env[m

Untracked files:
  (use "git add <file>..." to include in what will be committed)

	[31m.Rproj.user/[m

]0;~/Desktop/A3SR/APSTA-2013/missing_data_finalVergara-Spagnolas-MacBook-Pro:missing_data_final vergara-spagnola$ git push[K[K[K[Kcommit  -m 'Now'
[master 2c46f6d] Now
 Committer: Vergara-Spagnola <vergara-spagnola@Vergara-Spagnolas-MacBook-Pro.local>
Your name and email address were configured automatically based
on your username and hostname. Please check that they are accurate.
You can suppress this message by setting them explicitly:

    git config --global user.name "Your Name"
    git config --global user.email you@example.com

After doing this, you may fix the identity used for this commit with:

    git commit --amend --reset-author

 2 files changed, 121 deletions(-)
 delete mode 100644 .Rproj.user/8203DED3/console06/2AF40187
 delete mode 100644 .Rproj.user/8203DED3/console06/2AF40187.env
]0;~/Desktop/A3SR/APSTA-2013/missing_data_finalVergara-Spagnolas-MacBook-Pro:missing_data_final vergara-spagnola$ i[Kgit push

Counting objects: 2, done.
Delta compression using up to 4 threads.
Compressing objects:  50% (1/2)   Compressing objects: 100% (2/2)   Compressing objects: 100% (2/2), done.
Writing objects:  50% (1/2)   Writing objects: 100% (2/2)   Writing objects: 100% (2/2), 238 bytes | 238.00 KiB/s, done.
Total 2 (delta 1), reused 0 (delta 0)
remote: Resolving deltas:   0% (0/1)   [Kremote: Resolving deltas: 100% (1/1)   [Kremote: Resolving deltas: 100% (1/1), completed with 1 local object.[K
To https://github.com/wspagnola/missing_data_final.git
   b5c148a..2c46f6d  master -> master
]0;~/Desktop/A3SR/APSTA-2013/missing_data_finalVergara-Spagnolas-MacBook-Pro:missing_data_final vergara-spagnola$ 
]0;~/Desktop/A3SR/APSTA-2013/missing_data_finalVergara-Spagnolas-MacBook-Pro:missing_data_final vergara-spagnola$ git status
On branch master
Your branch is up to date with 'origin/master'.

Untracked files:
  (use "git add <file>..." to include in what will be committed)

	[31m.Rproj.user/[m

nothing added to commit but untracked files present (use "git add" to track)
]0;~/Desktop/A3SR/APSTA-2013/missing_data_finalVergara-Spagnolas-MacBook-Pro:missing_data_final vergara-spagnola$ cd .gitigno re
]0;~/Desktop/A3SR/APSTA-2013/missing_data_final/.gitignoreVergara-Spagnolas-MacBook-Pro:.gitignore vergara-spagnola$ c[Kvim gi[K[K.gitignore
[?2004h]0;~/Desktop/A3SR/APSTA-2013/missing_data_final/.gitignoreVergara-Spagnolas-MacBook-Pro:.gitignore vergara-spagnola$ 
]0;~/Desktop/A3SR/APSTA-2013/missing_data_final/.gitignoreVergara-Spagnolas-MacBook-Pro:.gitignore vergara-spagnola$ git stat[K[K[K[K[K[K[K[Kcdd .[K[K[K ..[K[K[K[K[Kgit status
On branch master
Your branch is up to date with 'origin/master'.

Changes not staged for commit:
  (use "git add <file>..." to update what will be committed)
  (use "git checkout -- <file>..." to discard changes in working directory)

	[31mmodified:   .gitignore[m

Untracked files:
  (use "git add <file>..." to include in what will be committed)

	[31m../.Rproj.user/[m

no changes added to commit (use "git add" and/or "git commit -a")
]0;~/Desktop/A3SR/APSTA-2013/missing_data_final/.gitignoreVergara-Spagnolas-MacBook-Pro:.gitignore vergara-spagnola$ git add .gitignore
]0;~/Desktop/A3SR/APSTA-2013/missing_data_final/.gitignoreVergara-Spagnolas-MacBook-Pro:.gitignore vergara-spagnola$ git commi-m [K[K[Kt -m 'asdf fdfdfdf'
[master 873029b] asdffdfdfdf
 Committer: Vergara-Spagnola <vergara-spagnola@Vergara-Spagnolas-MacBook-Pro.local>
Your name and email address were configured automatically based
on your username and hostname. Please check that they are accurate.
You can suppress this message by setting them explicitly:

    git config --global user.name "Your Name"
    git config --global user.email you@example.com

After doing this, you may fix the identity used for this commit with:

    git commit --amend --reset-author

 1 file changed, 2 insertions(+)
]0;~/Desktop/A3SR/APSTA-2013/missing_data_final/.gitignoreVergara-Spagnolas-MacBook-Pro:.gitignore vergara-spagnola$ git push
Counting objects: 4, done.
Delta compression using up to 4 threads.
Compressing objects:  33% (1/3)   Compressing objects:  66% (2/3)   Compressing objects: 100% (3/3)   Compressing objects: 100% (3/3), done.
Writing objects:  25% (1/4)   Writing objects:  50% (2/4)   Writing objects:  75% (3/4)   Writing objects: 100% (4/4)   Writing objects: 100% (4/4), 358 bytes | 358.00 KiB/s, done.
Total 4 (delta 1), reused 0 (delta 0)
remote: Resolving deltas:   0% (0/1)   [Kremote: Resolving deltas: 100% (1/1)   [Kremote: Resolving deltas: 100% (1/1), completed with 1 local object.[K
To https://github.com/wspagnola/missing_data_final.git
   2c46f6d..873029b  master -> master
]0;~/Desktop/A3SR/APSTA-2013/missing_data_final/.gitignoreVergara-Spagnolas-MacBook-Pro:.gitignore vergara-spagnola$ git status
On branch master
Your branch is up to date with 'origin/master'.

Untracked files:
  (use "git add <file>..." to include in what will be committed)

	[31m../.Rproj.user/[m

nothing added to commit but untracked files present (use "git add" to track)
]0;~/Desktop/A3SR/APSTA-2013/missing_data_final/.gitignoreVergara-Spagnolas-MacBook-Pro:.gitignore vergara-spagnola$ git pu[K[Kadd .
]0;~/Desktop/A3SR/APSTA-2013/missing_data_final/.gitignoreVergara-Spagnolas-MacBook-Pro:.gitignore vergara-spagnola$ git commi-[Kt -m 'wft' [A[C[C[C[C[C[C[C[C[C[C[C[C[C[C[C[C[C[C[C[C[C[C[C[C[C[C[C[C[C[C[C[C[C[C[C[C[C[C[C[C[C[C[C[C[C[C[C[C[C[C[C[C[C[C[C[C[C[C[C[C[C[C[C[C[C[C[C[C[C[C[C[C[C[C[C[C[C[K'
On branch master
Your branch is up to date with 'origin/master'.

Untracked files:
	[31m../.Rproj.user/[m

nothing added to commit but untracked files present
]0;~/Desktop/A3SR/APSTA-2013/missing_data_final/.gitignoreVergara-Spagnolas-MacBook-Pro:.gitignore vergara-spagnola$ git push
Everything up-to-date
]0;~/Desktop/A3SR/APSTA-2013/missing_data_final/.gitignoreVergara-Spagnolas-MacBook-Pro:.gitignore vergara-spagnola$ cd ..
]0;~/Desktop/A3SR/APSTA-2013/missing_data_finalVergara-Spagnolas-MacBook-Pro:missing_data_final vergara-spagnola$ [KVergara-Spagnolas-MacBook-Pro:missing_data_final vergara-spagnola$ git [K[K[K[Kls 
Spagnola_William_APSTA_2013_Final_Project.Rmd
Spagnola_William_APSTA_2013_Final_Project.pdf
data
img
missing_data_final.Rproj
pattern_matrix_code.R
git status
On branch master
Your branch is up to date with 'origin/master'.

Changes not staged for commit:
  (use "git add <file>..." to update what will be committed)
  (use "git checkout -- <file>..." to discard changes in working directory)

	[31mmodified:   Spagnola_William_APSTA_2013_Final_Project.Rmd[m
	[31mmodified:   Spagnola_William_APSTA_2013_Final_Project.pdf[m

Untracked files:
  (use "git add <file>..." to include in what will be committed)

	[31m.Rproj.user/[m

no changes added to commit (use "git add" and/or "git commit -a")
]0;~/Desktop/A3SR/APSTA-2013/missing_data_finalVergara-Spagnolas-MacBook-Pro:missing_data_final vergara-spagnola$ git add .
